(---------------------------------------------------------------------)
(                                                                     )
(    Netrev Allegro Import Logic                                      )
(                                                                     )
(    Drawing          : i2c_switch.brd                                )
(    Software Version : 16.3p004                                      )
(    Date/Time        : Fri Aug 07 04:00:17 2020                      )
(                                                                     )
(---------------------------------------------------------------------)


------ Directives ------

RIPUP_ETCH FALSE;
RIPUP_SYMBOLS ALWAYS;
Missing symbol has error FALSE;
SCHEMATIC_DIRECTORY 'C:\CADENCE\PROJECTS\I2C_SWITCH\ALLEGRO';
BOARD_DIRECTORY 'C:/Cadence/Projects/i2c_switch';
OLD_BOARD_NAME 'C:/Cadence/Projects/i2c_switch/i2c_switch.brd';
NEW_BOARD_NAME 'C:/Cadence/Projects/i2c_switch/i2c_switch.brd';

CmdLine: netrev.exe -5 -y 1 -i C:\CADENCE\PROJECTS\I2C_SWITCH\ALLEGRO C:\Cadence\Projects\i2c_switch\i2c_switch.brd C:\Cadence\Projects\i2c_switch\i2c_switch.brd

------ Preparing to read pst files ------

Starting to read C:/CADENCE/PROJECTS/I2C_SWITCH/ALLEGRO/pstchip.dat 
   Finished reading C:/CADENCE/PROJECTS/I2C_SWITCH/ALLEGRO/pstchip.dat (00:00:00.14)
Starting to read C:/CADENCE/PROJECTS/I2C_SWITCH/ALLEGRO/pstxprt.dat 
   Finished reading C:/CADENCE/PROJECTS/I2C_SWITCH/ALLEGRO/pstxprt.dat (00:00:00.00)
Starting to read C:/CADENCE/PROJECTS/I2C_SWITCH/ALLEGRO/pstxnet.dat 
   Finished reading C:/CADENCE/PROJECTS/I2C_SWITCH/ALLEGRO/pstxnet.dat (00:00:00.00)

------ Oversights/Warnings/Errors ------


------ Library Paths ------
MODULEPATH =  . 
           C:/Cadence/SPB_16.3/share/local/pcb/modules 

PSMPATH =  . 
           symbols 
           .. 
           ../symbols 
           C:/Cadence/SPB_16.3/share/local/pcb/symbols 
           C:/Cadence/SPB_16.3/share/pcb/pcb_lib/symbols 
           C:/Cadence/SPB_16.3/share/pcb/allegrolib/symbols 

PADPATH =  . 
           symbols 
           .. 
           ../symbols 
           C:/Cadence/SPB_16.3/share/local/pcb/padstacks 
           C:/Cadence/SPB_16.3/share/pcb/pcb_lib/symbols 
           C:/Cadence/SPB_16.3/share/pcb/allegrolib/symbols 


------ Summary Statistics ------


netrev run on Aug 7 4:00:17 2020
   DESIGN NAME : 'I2C_SWITCH'
   PACKAGING ON Nov 17 2009 03:09:43

   COMPILE 'logic'
   CHECK_PIN_NAMES OFF
   CROSS_REFERENCE OFF
   FEEDBACK OFF
   INCREMENTAL OFF
   INTERFACE_TYPE PHYSICAL
   MAX_ERRORS 500
   MERGE_MINIMUM 5
   NET_NAME_CHARS '#%&()*+-./:=>?@[]^_`|'
   NET_NAME_LENGTH 24
   OVERSIGHTS ON
   REPLACE_CHECK OFF
   SINGLE_NODE_NETS ON
   SPLIT_MINIMUM 0
   SUPPRESS   20
   WARNINGS ON

 No error detected
 No oversight detected
 No warning detected

cpu time      0:01:44
elapsed time  0:00:01

